<div>
<h3>Test</h3>
<p>
	I am included.
</p>
</div>