<div>
<h3>Test</h3>
<p>
	I am included.
</p>
Included in sub folder.
directives
directives
</div>