<div>
	testValue
	testValue
	newTestValue
	newTestValue
</div>