<div>
<h3>Test</h3>
<p>
	I am included.
</p>
Included in sub folder.
<!--#echo var="multiple" -->
directives
<!--#setinvalid var="multiple" value="directives" -->
</div>